--------- beginning of main
09-11 11:39:47.159 13212 13214 I cmd     : oneway function results will be dropped but finished with status OK and parcel size 4
--------- beginning of system
09-11 11:39:47.556   496   592 W RuleEvaluation: Integrity rule files are not available.
09-11 11:39:47.557   496   555 I PackageManager: Integrity check passed for file:///data/app/vmdl416806928.tmp
09-11 11:39:47.670   368   514 E installd: Couldn't opendir /data/app/vmdl416806928.tmp: No such file or directory
09-11 11:39:47.670   368   514 E installd: Failed to delete /data/app/vmdl416806928.tmp: No such file or directory
09-11 11:39:47.671 13217 13219 I cmd     : oneway function results will be dropped but finished with status OK and parcel size 4
09-11 11:39:47.676   496   518 I RoleManagerService: Granting default roles...
09-11 11:39:47.702   496   496 I Telecom : DefaultDialerCache: Refreshing default dialer for user 0: now com.android.dialer: DDC.oR@AI8
09-11 11:39:47.704   496   583 I InputReader: Reconfiguring input devices, changes=KEYBOARD_LAYOUTS | 
09-11 11:39:47.720   496  1735 W BroadcastQueue: Background execution not allowed: receiving Intent { act=android.intent.action.PACKAGE_ADDED dat=package:io.github.ylimit.droidbotapp flg=0x4000010 (has extras) } to com.android.packageinstaller/.PackageInstalledReceiver
09-11 11:39:47.721   496   527 W BroadcastQueue: Background execution not allowed: receiving Intent { act=android.intent.action.PACKAGE_ADDED dat=package:io.github.ylimit.droidbotapp flg=0x4000010 (has extras) } to com.android.gallery3d/.app.PackagesMonitor
09-11 11:39:47.729  1273  1273 I MediaProvider: Invalidating LocalCallingIdentity cache for package io.github.ylimit.droidbotapp. Reason: package android.intent.action.PACKAGE_ADDED
09-11 11:39:47.770   496   506 I system_server: Background concurrent copying GC freed 27523(1611KB) AllocSpace objects, 12(1060KB) LOS objects, 49% free, 11MB/22MB, paused 49us total 100.542ms
09-11 11:39:47.818  1794 13221 I PermissionControllerServiceImpl: Updating user sensitive for uid 10146
09-11 11:39:47.843   496   526 W VoiceInteractionManager: no available voice recognition services found for user 0
09-11 11:39:47.919 13230 13233 I cmd     : oneway function results will be dropped but finished with status OK and parcel size 4
09-11 11:39:48.047 13237 13239 I cmd     : oneway function results will be dropped but finished with status OK and parcel size 4
09-11 11:39:48.075   496   528 W ActivityManager: Slow operation: 154ms so far, now at startProcess: returned from zygote!
09-11 11:39:48.075   496   528 W ActivityManager: Slow operation: 154ms so far, now at startProcess: done updating battery stats
09-11 11:39:48.075   496   528 W ActivityManager: Slow operation: 154ms so far, now at startProcess: building log message
09-11 11:39:48.075   496   528 I ActivityManager: Start proc 13240:io.github.ylimit.droidbotapp/u0a146 for service {io.github.ylimit.droidbotapp/io.github.privacystreams.accessibility.PSAccessibilityService}
09-11 11:39:48.075   496   528 W ActivityManager: Slow operation: 154ms so far, now at startProcess: starting to update pids map
09-11 11:39:48.075   496   528 W ActivityManager: Slow operation: 154ms so far, now at startProcess: done updating pids map
09-11 11:39:48.081 13240 13240 I libc    : SetHeapTaggingLevel: tag level set to 0
09-11 11:39:48.084 13240 13240 I mit.droidbotap: Late-enabling -Xcheck:jni
09-11 11:39:48.103  1000  1370 E FrameEvents: updateAcquireFence: Did not find frame.
09-11 11:39:48.279 13240 13240 I mit.droidbotap: Unquickening 12 vdex files!
09-11 11:39:48.305   347   430 I adbd    : jdwp connection from 13240
09-11 11:39:48.410 13240 13240 I mit.droidbotap: The ClassLoaderContext is a special shared library.
09-11 11:39:48.657 13286 13288 I cmd     : oneway function results will be dropped but finished with status OK and parcel size 4
09-11 11:39:48.828 13294 13296 I cmd     : oneway function results will be dropped but finished with status OK and parcel size 4
09-11 11:39:49.117   181   181 I hwservicemanager: getTransport: Cannot find entry android.hardware.graphics.mapper@4.0::IMapper/default in either framework or device manifest.
09-11 11:39:49.117 13308 13311 I Gralloc4: mapper 4.x is not supported
09-11 11:39:49.134   181   181 I hwservicemanager: getTransport: Cannot find entry android.hardware.graphics.allocator@4.0::IAllocator/default in either framework or device manifest.
09-11 11:39:49.135 13308 13311 W Gralloc4: allocator 3.x is not supported
--------- beginning of kernel
09-11 11:39:51.423 13322 13327 I cmd     : oneway function results will be dropped but finished with status OK and parcel size 4
09-11 11:39:51.445  4027  4027 I InputAttributes: InputType.TYPE_NULL is specified
09-11 11:39:51.448   320   320 I android.hardware.vibrator-service.example: Vibrator reporting capabilities
09-11 11:39:51.500 13328 13331 I cmd     : oneway function results will be dropped but finished with status OK and parcel size 4
09-11 11:39:51.519  4027  4056 I LatinIME:LogUtils: Dictionary info: dictionary = UserHistoryDictionary.en_US ; version = 1661674979 ; date = 1662860391
09-11 11:39:51.636   496  1030 W ActivityTaskManager: Current config: {1.0 310mcc260mnc [en_US] ldltr sw411dp w411dp h659dp 420dpi nrml port finger qwerty/v/v dpad/v winConfig={ mBounds=Rect(0, 0 - 1080, 1920) mAppBounds=Rect(0, 0 - 1080, 1794) mWindowingMode=fullscreen mDisplayWindowingMode=fullscreen mActivityType=undefined mAlwaysOnTop=undefined mRotation=ROTATION_0} s.8} unchanged for IME proc io.github.ylimit.droidbotapp
09-11 11:39:51.895 13357 13359 I cmd     : oneway function results will be dropped but finished with status OK and parcel size 4
09-11 11:39:52.165 13367 13367 E libc    : Access denied finding property "persist.device_config.runtime_native_boot.profilebootclasspath"
09-11 11:39:52.165 13367 13367 E libc    : Access denied finding property "persist.device_config.runtime_native_boot.enable_apex_image"
09-11 11:39:52.165 13367 13367 I AndroidRuntime: Using default boot image
09-11 11:39:52.166 13367 13367 E libc    : Access denied finding property "persist.device_config.runtime_native_boot.disable_lock_profiling"
09-11 11:39:52.166 13367 13367 I AndroidRuntime: Leaving lock profiling enabled
09-11 11:39:52.161 13367 13367 W app_process: type=1400 audit(0.0:2145): avc: denied { read } for name="u:object_r:device_config_runtime_native_boot_prop:s0" dev="tmpfs" ino=394 scontext=u:r:shell:s0 tcontext=u:object_r:device_config_runtime_native_boot_prop:s0 tclass=file permissive=0
09-11 11:39:52.166 13367 13367 E libc    : Access denied finding property "persist.device_config.runtime_native_boot.enable_generational_cc"
09-11 11:39:52.161 13367 13367 W app_process: type=1400 audit(0.0:2146): avc: denied { read } for name="u:object_r:device_config_runtime_native_boot_prop:s0" dev="tmpfs" ino=394 scontext=u:r:shell:s0 tcontext=u:object_r:device_config_runtime_native_boot_prop:s0 tclass=file permissive=0
09-11 11:39:52.168 13367 13367 I app_process: Core platform API reporting enabled, enforcing=false
09-11 11:39:52.290 13367 13367 I app_process: The ClassLoaderContext is a special shared library.
09-11 11:39:52.299 13367 13367 W app_process: JNI RegisterNativeMethods: attempt to register 0 native methods for android.media.AudioAttributes
09-11 11:39:51.636   496  1030 W ActivityTaskManager: Current config: {1.0 310mcc260mnc [en_US] ldltr sw411dp w411dp h659dp 420dpi nrml port finger qwerty/v/v dpad/v winConfig={ mBounds=Rect(0, 0 - 1080, 1920) mAppBounds=Rect(0, 0 - 1080, 1794) mWindowingMode=fullscreen mDisplayWindowingMode=fullscreen mActivityType=undefined mAlwaysOnTop=undefined mRotation=ROTATION_0} s.8} unchanged for IME proc io.github.ylimit.droidbotapp
09-11 11:39:52.584 13394 13396 I cmd     : oneway function results will be dropped but finished with status OK and parcel size 4
09-11 11:39:52.926 13405 13405 E libc    : Access denied finding property "persist.device_config.runtime_native_boot.profilebootclasspath"
09-11 11:39:52.926 13405 13405 E libc    : Access denied finding property "persist.device_config.runtime_native_boot.enable_apex_image"
09-11 11:39:52.926 13405 13405 I AndroidRuntime: Using default boot image
09-11 11:39:52.926 13405 13405 E libc    : Access denied finding property "persist.device_config.runtime_native_boot.disable_lock_profiling"
09-11 11:39:52.926 13405 13405 I AndroidRuntime: Leaving lock profiling enabled
09-11 11:39:52.926 13405 13405 E libc    : Access denied finding property "persist.device_config.runtime_native_boot.enable_generational_cc"
09-11 11:39:52.925 13405 13405 W app_process: type=1400 audit(0.0:2149): avc: denied { read } for name="u:object_r:device_config_runtime_native_boot_prop:s0" dev="tmpfs" ino=394 scontext=u:r:shell:s0 tcontext=u:object_r:device_config_runtime_native_boot_prop:s0 tclass=file permissive=0
09-11 11:39:52.927 13405 13405 I app_process: Core platform API reporting enabled, enforcing=false
09-11 11:39:52.929     0     0 W audit   : audit_lost=214 audit_rate_limit=5 audit_backlog_limit=64
09-11 11:39:52.929     0     0 E audit   : rate limit exceeded
09-11 11:39:52.958 13405 13405 I app_process: The ClassLoaderContext is a special shared library.
09-11 11:39:52.964 13405 13405 W app_process: JNI RegisterNativeMethods: attempt to register 0 native methods for android.media.AudioAttributes
09-11 11:39:53.499  4027  4027 I LatinIME: Timeout waiting for dictionary load
09-11 11:39:53.550 13426 13428 I cmd     : oneway function results will be dropped but finished with status OK and parcel size 4
09-11 11:39:53.831   496   592 W RuleEvaluation: Integrity rule files are not available.
09-11 11:39:53.831   496   555 I PackageManager: Integrity check passed for file:///data/app/vmdl749363982.tmp
09-11 11:39:53.852  1273  1307 I MediaProvider: Invalidating LocalCallingIdentity cache for package a2dp.Vol. Reason: op android:read_external_storage
09-11 11:39:53.853  1273  1307 I MediaProvider: Invalidating LocalCallingIdentity cache for package a2dp.Vol. Reason: op android:read_external_storage
09-11 11:39:53.854  1273  4130 I MediaProvider: Invalidating LocalCallingIdentity cache for package a2dp.Vol. Reason: op android:read_external_storage
09-11 11:39:53.854  1273  4130 I MediaProvider: Invalidating LocalCallingIdentity cache for package a2dp.Vol. Reason: op android:read_external_storage
09-11 11:39:53.858   496   555 I PackageDexOptimizer: Running dexopt (dexoptNeeded=1) on: /data/app/~~xV1uvuR-nzme83Ypg38Cog==/a2dp.Vol-PRVsVbkiwOq3x_N_Tba9uw==/base.apk pkg=a2dp.Vol isa=arm64 dexoptFlags=boot_complete,profile_guided,public,enable_hidden_api_checks targetFilter=speed-profile oatDir=/data/app/~~xV1uvuR-nzme83Ypg38Cog==/a2dp.Vol-PRVsVbkiwOq3x_N_Tba9uw==/oat classLoaderContext=PCL[]{PCL[/system/framework/android.test.base.jar]#PCL[/system/framework/org.apache.http.legacy.jar]}
09-11 11:39:53.863 13441 13441 E installd: execv(/apex/com.android.art/bin/dex2oat32) failed: No such file or directory
09-11 11:39:53.864   368   514 E installd: Dex2oat invocation for /data/app/~~xV1uvuR-nzme83Ypg38Cog==/a2dp.Vol-PRVsVbkiwOq3x_N_Tba9uw==/base.apk failed: exec(dex2oat) (18432)
09-11 11:39:53.865   496   555 W PackageDexOptimizer: Failed to dexopt
09-11 11:39:53.865   496   555 W PackageDexOptimizer: com.android.server.pm.Installer$InstallerException: android.os.ServiceSpecificException: Dex2oat invocation for /data/app/~~xV1uvuR-nzme83Ypg38Cog==/a2dp.Vol-PRVsVbkiwOq3x_N_Tba9uw==/base.apk failed: exec(dex2oat) (code 18432)
09-11 11:39:53.865   496   555 W PackageDexOptimizer: 	at com.android.server.pm.Installer.dexopt(Installer.java:387)
09-11 11:39:53.865   496   555 W PackageDexOptimizer: 	at com.android.server.pm.PackageDexOptimizer.dexOptPath(PackageDexOptimizer.java:302)
09-11 11:39:53.865   496   555 W PackageDexOptimizer: 	at com.android.server.pm.PackageDexOptimizer.performDexOptLI(PackageDexOptimizer.java:251)
09-11 11:39:53.865   496   555 W PackageDexOptimizer: 	at com.android.server.pm.PackageDexOptimizer.performDexOpt(PackageDexOptimizer.java:153)
09-11 11:39:53.865   496   555 W PackageDexOptimizer: 	at com.android.server.pm.PackageManagerService.executePostCommitSteps(PackageManagerService.java:17073)
09-11 11:39:53.865   496   555 W PackageDexOptimizer: 	at com.android.server.pm.PackageManagerService.installPackagesLI(PackageManagerService.java:16919)
09-11 11:39:53.865   496   555 W PackageDexOptimizer: 	at com.android.server.pm.PackageManagerService.installPackagesTracedLI(PackageManagerService.java:16232)
09-11 11:39:53.865   496   555 W PackageDexOptimizer: 	at com.android.server.pm.PackageManagerService.lambda$processInstallRequestsAsync$22$PackageManagerService(PackageManagerService.java:14398)
09-11 11:39:53.865   496   555 W PackageDexOptimizer: 	at com.android.server.pm.-$$Lambda$PackageManagerService$9znobjOH7ab0F1jsW2oFdNipS-8.run(Unknown Source:6)
09-11 11:39:53.865   496   555 W PackageDexOptimizer: 	at android.os.Handler.handleCallback(Handler.java:938)
09-11 11:39:53.865   496   555 W PackageDexOptimizer: 	at android.os.Handler.dispatchMessage(Handler.java:99)
09-11 11:39:53.865   496   555 W PackageDexOptimizer: 	at android.os.Looper.loop(Looper.java:223)
09-11 11:39:53.865   496   555 W PackageDexOptimizer: 	at android.os.HandlerThread.run(HandlerThread.java:67)
09-11 11:39:53.865   496   555 W PackageDexOptimizer: 	at com.android.server.ServiceThread.run(ServiceThread.java:44)
09-11 11:39:53.868  1273  1307 I MediaProvider: Invalidating LocalCallingIdentity cache for package a2dp.Vol. Reason: op android:read_external_storage
09-11 11:39:53.872   368   514 E installd: Couldn't opendir /data/app/vmdl749363982.tmp: No such file or directory
09-11 11:39:53.872   368   514 E installd: Failed to delete /data/app/vmdl749363982.tmp: No such file or directory
09-11 11:39:53.873 13431 13433 I cmd     : oneway function results will be dropped but finished with status OK and parcel size 4
09-11 11:39:53.875  1273  1273 I MediaProvider: Invalidating LocalCallingIdentity cache for package a2dp.Vol. Reason: package android.intent.action.PACKAGE_ADDED
09-11 11:39:53.875   496   518 I RoleManagerService: Granting default roles...
09-11 11:39:53.886   496   583 I InputReader: Reconfiguring input devices, changes=KEYBOARD_LAYOUTS | 
09-11 11:39:53.887   496   516 W BroadcastQueue: Background execution not allowed: receiving Intent { act=android.intent.action.PACKAGE_ADDED dat=package:a2dp.Vol flg=0x4000010 (has extras) } to com.android.packageinstaller/.PackageInstalledReceiver
09-11 11:39:53.888   496   527 W BroadcastQueue: Background execution not allowed: receiving Intent { act=android.intent.action.PACKAGE_ADDED dat=package:a2dp.Vol flg=0x4000010 (has extras) } to com.android.gallery3d/.app.PackagesMonitor
09-11 11:39:53.889   496   496 I Telecom : DefaultDialerCache: Refreshing default dialer for user 0: now com.android.dialer: DDC.oR@AJI
09-11 11:39:53.890  1794  1812 I PermissionControllerServiceImpl: Updating user sensitive for uid 10147
09-11 11:39:53.900   496   526 W VoiceInteractionManager: no available voice recognition services found for user 0
09-11 11:39:53.919  1794  1808 W ssioncontrolle: Reducing the number of considered missed Gc histogram windows from 2238 to 100
09-11 11:39:53.989   496   506 I system_server: Background concurrent copying GC freed 101665(5960KB) AllocSpace objects, 74(2920KB) LOS objects, 49% free, 11MB/22MB, paused 24us total 117.423ms
09-11 11:39:54.115 13450 13452 I cmd     : oneway function results will be dropped but finished with status OK and parcel size 4
09-11 11:39:55.817 13464 13466 I cmd     : oneway function results will be dropped but finished with status OK and parcel size 4
09-11 11:39:55.869   180   180 I servicemanager: Since 'apexservice' could not be found, trying to start it as a lazy AIDL service
09-11 11:39:55.873     0     0 I init    : starting service 'apexd'...
09-11 11:39:55.877     0     0 I init    : Control message: Processed ctl.interface_start for 'aidl/apexservice' from pid: 180 (/system/bin/servicemanager)
09-11 11:39:55.894     0     0 I apexd   : Scanning /system/apex for preinstalled data
09-11 11:39:55.897     0     0 I apexd   : Scanning /system_ext/apex for preinstalled data
09-11 11:39:55.897     0     0 I apexd   : ... does not exist. Skipping
09-11 11:39:55.897     0     0 I apexd   : Scanning /product/apex for preinstalled data
09-11 11:39:55.897     0     0 I apexd   : ... does not exist. Skipping
09-11 11:39:55.897     0     0 I apexd   : Scanning /vendor/apex for preinstalled data
09-11 11:39:55.897     0     0 I apexd   : ... does not exist. Skipping
09-11 11:39:55.897     0     0 I apexd   : Populating APEX database from mounts...
09-11 11:39:55.898     0     0 I apexd   : Found "/apex/com.android.wifi@300000000" backed by file /system/apex/com.android.wifi.apex
09-11 11:39:55.898     0     0 I apexd   : Found "/apex/com.android.neuralnetworks@300000000" backed by file /system/apex/com.android.neuralnetworks.apex
09-11 11:39:55.899     0     0 I apexd   : Found "/apex/com.android.media@300000000" backed by file /system/apex/com.android.media.apex
09-11 11:39:55.899     0     0 I apexd   : Found "/apex/com.android.i18n@1" backed by file /system/apex/com.android.i18n.apex
09-11 11:39:55.899     0     0 I apexd   : Found "/apex/com.android.apex.cts.shim@1" backed by file /system/apex/com.android.apex.cts.shim.apex
09-11 11:39:55.899     0     0 I apexd   : Found "/apex/com.android.os.statsd@300000000" backed by file /system/apex/com.android.os.statsd.apex
09-11 11:39:55.899     0     0 I apexd   : Found "/apex/com.android.art@1" backed by file /system/apex/com.android.art.debug.apex
09-11 11:39:55.899     0     0 I apexd   : Found "/apex/com.android.ipsec@300000000" backed by file /system/apex/com.android.ipsec.apex
09-11 11:39:55.899   180   180 I BpBinder: onLastStrongRef automatically unlinking death recipients: <uncached descriptor>
09-11 11:39:55.899   180   180 I servicemanager: Tried to unregister apexservice, but there is about to be a client.
09-11 11:39:55.901     0     0 I apexd   : Found "/apex/com.android.media.swcodec@300000000" backed by file /system/apex/com.android.media.swcodec.apex
09-11 11:39:55.901     0     0 I apexd   : Found "/apex/com.android.sdkext@300000000" backed by file /system/apex/com.android.sdkext.apex
09-11 11:39:55.901     0     0 I apexd   : Found "/apex/com.android.extservices@300000000" backed by file /system/apex/com.android.extservices.apex
09-11 11:39:55.901     0     0 I apexd   : Found "/apex/com.android.adbd@300000000" backed by file /system/apex/com.android.adbd.apex
09-11 11:39:55.901     0     0 I apexd   : Found "/apex/com.android.tzdata@300000000" backed by file /system/apex/com.android.tzdata.apex
09-11 11:39:55.901     0     0 I apexd   : Found "/apex/com.android.mediaprovider@300000000" backed by file /system/apex/com.android.mediaprovider.apex
09-11 11:39:55.901     0     0 I apexd   : Found "/apex/com.android.resolv@300000000" backed by file /system/apex/com.android.resolv.apex
09-11 11:39:55.902     0     0 I apexd   : Found "/apex/com.android.conscrypt@300000000" backed by file /system/apex/com.android.conscrypt.apex
09-11 11:39:55.902     0     0 I apexd   : Found "/apex/com.android.vndk.v30@1" backed by file /system/apex/com.android.vndk.current.apex
09-11 11:39:55.902     0     0 I apexd   : Found "/apex/com.android.tethering@300000000" backed by file /system/apex/com.android.tethering.apex
09-11 11:39:55.902     0     0 I apexd   : Found "/apex/com.android.runtime@1" backed by file /system/apex/com.android.runtime.apex
09-11 11:39:55.902     0     0 I apexd   : Found "/apex/com.android.permission@300000000" backed by file /system/apex/com.android.permission.apex
09-11 11:39:55.902     0     0 I apexd   : Found "/apex/com.android.cellbroadcast@300000000" backed by file /system/apex/com.android.cellbroadcast.apex
09-11 11:39:55.902     0     0 I apexd   : 21 packages restored.
09-11 11:39:55.902     0     0 I AidlLazyServiceRegistrar: Registering service apexservice
09-11 11:39:55.902     0     0 I AidlLazyServiceRegistrar: Trying to shut down the service. No clients in use for any service in process.
09-11 11:39:55.903     0     0 I AidlLazyServiceRegistrar: Failed to unregister service apexservice
09-11 11:39:56.119   213   217 E android.system.suspend@1.0-service: Error opening kernel wakelock stats for: wakeup4: Permission denied
09-11 11:39:56.117   213   213 W Binder:213_2: type=1400 audit(0.0:2153): avc: denied { read } for name="wakeup4" dev="sysfs" ino=16517 scontext=u:r:system_suspend:s0 tcontext=u:object_r:sysfs:s0 tclass=dir permissive=0
09-11 11:39:56.117   213   213 W Binder:213_2: type=1400 audit(0.0:2154): avc: denied { read } for name="wakeup2" dev="sysfs" ino=15907 scontext=u:r:system_suspend:s0 tcontext=u:object_r:sysfs:s0 tclass=dir permissive=0
09-11 11:39:56.120   213   217 E android.system.suspend@1.0-service: Error opening kernel wakelock stats for: wakeup2: Permission denied
09-11 11:39:56.120   213   217 E android.system.suspend@1.0-service: Error opening kernel wakelock stats for: wakeup0: Permission denied
09-11 11:39:56.117   213   213 W Binder:213_2: type=1400 audit(0.0:2155): avc: denied { read } for name="wakeup0" dev="sysfs" ino=13341 scontext=u:r:system_suspend:s0 tcontext=u:object_r:sysfs:s0 tclass=dir permissive=0
09-11 11:39:56.120   213   217 E android.system.suspend@1.0-service: Error opening kernel wakelock stats for: wakeup5: Permission denied
09-11 11:39:56.120   213   217 E android.system.suspend@1.0-service: Error opening kernel wakelock stats for: wakeup3: Permission denied
09-11 11:39:56.121   213   217 E android.system.suspend@1.0-service: Error opening kernel wakelock stats for: wakeup1: Permission denied
09-11 11:39:56.117   213   213 W Binder:213_2: type=1400 audit(0.0:2156): avc: denied { read } for name="wakeup5" dev="sysfs" ino=16580 scontext=u:r:system_suspend:s0 tcontext=u:object_r:sysfs:s0 tclass=dir permissive=0
09-11 11:39:56.117   213   213 W Binder:213_2: type=1400 audit(0.0:2157): avc: denied { read } for name="wakeup3" dev="sysfs" ino=15957 scontext=u:r:system_suspend:s0 tcontext=u:object_r:sysfs:s0 tclass=dir permissive=0
09-11 11:39:56.124     0     0 W audit   : audit_lost=217 audit_rate_limit=5 audit_backlog_limit=64
09-11 11:39:56.124     0     0 E audit   : rate limit exceeded
09-11 11:39:56.296 13493 13495 I cmd     : oneway function results will be dropped but finished with status OK and parcel size 4
09-11 11:39:56.498   496  1030 I ActivityManager: Force stopping a2dp.Vol appid=10147 user=0: from pid 13505
09-11 11:39:56.499 13505 13507 I cmd     : oneway function results will be dropped but finished with status OK and parcel size 4
09-11 11:39:56.589 13508 13508 E libc    : Access denied finding property "persist.device_config.runtime_native_boot.profilebootclasspath"
09-11 11:39:56.590 13508 13508 E libc    : Access denied finding property "persist.device_config.runtime_native_boot.enable_apex_image"
09-11 11:39:56.590 13508 13508 I AndroidRuntime: Using default boot image
09-11 11:39:56.590 13508 13508 E libc    : Access denied finding property "persist.device_config.runtime_native_boot.disable_lock_profiling"
09-11 11:39:56.590 13508 13508 I AndroidRuntime: Leaving lock profiling enabled
09-11 11:39:56.590 13508 13508 E libc    : Access denied finding property "persist.device_config.runtime_native_boot.enable_generational_cc"
09-11 11:39:56.591 13508 13508 I app_process: Core platform API reporting enabled, enforcing=false
09-11 11:39:56.642 13508 13508 I app_process: The ClassLoaderContext is a special shared library.
09-11 11:39:56.648 13508 13508 W app_process: JNI RegisterNativeMethods: attempt to register 0 native methods for android.media.AudioAttributes
09-11 11:39:56.654   496   519 I ActivityTaskManager: START u0 {act=android.intent.action.MAIN cat=[android.intent.category.HOME] flg=0x10000100 cmp=com.android.launcher3/.uioverrides.QuickstepLauncher (has extras)} from uid 0
09-11 11:39:56.662   354   354 I perfetto: ing_service_impl.cc:758 Configured tracing session 9, #sources:1, duration:5000 ms, #buffers:1, total buffer size:4096 KB, total sessions:1, uid:1071 session name: ""
09-11 11:39:56.663   352   352 I perfetto: probes_producer.cc:230  Ftrace setup (target_buf=9)
09-11 11:39:56.708   352   352 I perfetto: ftrace_procfs.cc:176    enabled ftrace
09-11 11:39:56.711     0     0 W perfetto: enabled ftrace
09-11 11:39:59.056 13576 13578 I cmd     : oneway function results will be dropped but finished with status OK and parcel size 4
09-11 11:39:59.256   180   180 I servicemanager: Notifying apexservice they have clients: 1
09-11 11:39:59.256   180   180 I servicemanager: Notifying apexservice they have clients: 0
09-11 11:39:59.257   180   180 I BpBinder: onLastStrongRef automatically unlinking death recipients: <uncached descriptor>
09-11 11:39:59.260     0     0 I AidlLazyServiceRegistrar: Process has 1 (of 1 available) client(s) in use after notification android.apex.IApexService has clients: 1
09-11 11:39:59.260     0     0 I AidlLazyServiceRegistrar: Process has 0 (of 1 available) client(s) in use after notification android.apex.IApexService has clients: 0
09-11 11:39:59.260     0     0 I AidlLazyServiceRegistrar: Trying to shut down the service. No clients in use for any service in process.
09-11 11:39:59.260     0     0 I AidlLazyServiceRegistrar: Unregistered all clients and exiting
09-11 11:39:59.262     0     0 I init    : Service 'apexd' (pid 13471) exited with status 0 oneshot service took 3.386000 seconds in background
09-11 11:39:59.262     0     0 I init    : Sending signal 9 to service 'apexd' (pid 13471) process group...
09-11 11:39:59.262     0     0 I libprocessgroup: Successfully killed process cgroup uid 0 pid 13471 in 0ms
09-11 11:39:59.618 13606 13608 I cmd     : oneway function results will be dropped but finished with status OK and parcel size 4
09-11 11:39:59.821   496   841 I ActivityTaskManager: START u0 {act=android.intent.action.MAIN cat=[android.intent.category.LAUNCHER] flg=0x10000000 cmp=a2dp.Vol/.main} from uid 2000
09-11 11:39:59.824   354   354 I perfetto: ing_service_impl.cc:758 Configured tracing session 10, #sources:1, duration:5000 ms, #buffers:1, total buffer size:4096 KB, total sessions:2, uid:1071 session name: ""
09-11 11:39:59.824   352   352 I perfetto: probes_producer.cc:230  Ftrace setup (target_buf=10)
09-11 11:39:59.857 13618 13620 I cmd     : oneway function results will be dropped but finished with status OK and parcel size 4
09-11 11:39:59.939   496   528 W ActivityManager: Slow operation: 55ms so far, now at startProcess: returned from zygote!
09-11 11:39:59.939   496   528 W ActivityManager: Slow operation: 56ms so far, now at startProcess: done updating battery stats
09-11 11:39:59.939   496   528 W ActivityManager: Slow operation: 56ms so far, now at startProcess: building log message
09-11 11:39:59.939   496   528 I ActivityManager: Start proc 13627:a2dp.Vol/u0a147 for pre-top-activity {a2dp.Vol/a2dp.Vol.main}
09-11 11:39:59.939   496   528 W ActivityManager: Slow operation: 56ms so far, now at startProcess: starting to update pids map
09-11 11:39:59.940   496   528 W ActivityManager: Slow operation: 56ms so far, now at startProcess: done updating pids map
09-11 11:39:59.954 13627 13627 I libc    : SetHeapTaggingLevel: tag level set to 0
09-11 11:39:59.975   347   430 I adbd    : jdwp connection from 13627
09-11 11:39:59.977   496  1030 W InputReader: Device virtio_input_multi_touch_10 is associated with display ADISPLAY_ID_NONE.
09-11 11:39:59.977   496  1030 W InputReader: Device virtio_input_multi_touch_6 is associated with display ADISPLAY_ID_NONE.
09-11 11:39:59.977   496  1030 W InputReader: Device virtio_input_multi_touch_8 is associated with display ADISPLAY_ID_NONE.
09-11 11:39:59.977   496  1030 W InputReader: Device virtio_input_multi_touch_9 is associated with display ADISPLAY_ID_NONE.
09-11 11:39:59.977   496  1030 W InputReader: Device virtio_input_multi_touch_4 is associated with display ADISPLAY_ID_NONE.
09-11 11:39:59.977   496  1030 W InputReader: Device virtio_input_multi_touch_5 is associated with display ADISPLAY_ID_NONE.
09-11 11:39:59.977   496  1030 W InputReader: Device virtio_input_multi_touch_11 is associated with display ADISPLAY_ID_NONE.
09-11 11:39:59.977   496  1030 W InputReader: Device virtio_input_multi_touch_7 is associated with display ADISPLAY_ID_NONE.
09-11 11:39:59.977   496  1030 W InputReader: Device virtio_input_multi_touch_2 is associated with display ADISPLAY_ID_NONE.
09-11 11:39:59.977   496  1030 W InputReader: Device virtio_input_multi_touch_3 is associated with display ADISPLAY_ID_NONE.
09-11 11:39:59.977   496  1030 W InputReader: Device virtio_input_multi_touch_10 is associated with display ADISPLAY_ID_NONE.
09-11 11:39:59.977   496  1030 W InputReader: Device virtio_input_multi_touch_6 is associated with display ADISPLAY_ID_NONE.
09-11 11:39:59.977   496  1030 W InputReader: Device virtio_input_multi_touch_8 is associated with display ADISPLAY_ID_NONE.
09-11 11:39:59.977   496  1030 W InputReader: Device virtio_input_multi_touch_9 is associated with display ADISPLAY_ID_NONE.
09-11 11:39:59.977   496  1030 W InputReader: Device virtio_input_multi_touch_4 is associated with display ADISPLAY_ID_NONE.
09-11 11:39:59.977   496  1030 W InputReader: Device virtio_input_multi_touch_5 is associated with display ADISPLAY_ID_NONE.
09-11 11:39:59.977   496  1030 W InputReader: Device virtio_input_multi_touch_11 is associated with display ADISPLAY_ID_NONE.
09-11 11:39:59.978   496  1030 W InputReader: Device virtio_input_multi_touch_7 is associated with display ADISPLAY_ID_NONE.
09-11 11:39:59.978   496  1030 W InputReader: Device virtio_input_multi_touch_2 is associated with display ADISPLAY_ID_NONE.
09-11 11:39:59.978   496  1030 W InputReader: Device virtio_input_multi_touch_3 is associated with display ADISPLAY_ID_NONE.
09-11 11:39:59.987 13627 13627 I a2dp.Vol: The ClassLoaderContext is a special shared library.
09-11 11:40:00.101 13627 13627 E A2DP_Volume: errorAttempt to invoke virtual method 'void android.widget.ListView.setAdapter(android.widget.ListAdapter)' on a null object reference
09-11 11:40:00.154   181   181 I hwservicemanager: getTransport: Cannot find entry android.hardware.configstore@1.0::ISurfaceFlingerConfigs/default in either framework or device manifest.
09-11 11:40:00.155 13627 13655 W OpenGLRenderer: Failed to choose config with EGL_SWAP_BEHAVIOR_PRESERVED, retrying without...
09-11 11:40:00.203   181   181 I hwservicemanager: getTransport: Cannot find entry android.hardware.graphics.mapper@4.0::IMapper/default in either framework or device manifest.
09-11 11:40:00.203 13627 13655 I Gralloc4: mapper 4.x is not supported
09-11 11:40:00.271   496   526 I ActivityTaskManager: Displayed a2dp.Vol/.main: +444ms
09-11 11:40:00.334   496   496 W NotificationHistory: Attempted to add notif for locked/gone/disabled user 0
09-11 11:40:00.341   325   365 W ServiceManager: Permission failure: android.permission.ACCESS_SURFACE_FLINGER from uid=10147 pid=13627
09-11 11:40:01.188 13709 13711 I cmd     : oneway function results will be dropped but finished with status OK and parcel size 4
09-11 11:40:01.305 13722 13724 I cmd     : oneway function results will be dropped but finished with status OK and parcel size 4
09-11 11:40:01.666   352   352 I perfetto: probes_producer.cc:329  Producer stop (id=9)
09-11 11:40:01.667   354   354 I perfetto: ng_service_impl.cc:1948 Tracing session 9 ended, total sessions:1
09-11 11:40:01.699 13753 13755 I cmd     : oneway function results will be dropped but finished with status OK and parcel size 4
09-11 11:40:02.264 13785 13787 I cmd     : oneway function results will be dropped but finished with status OK and parcel size 4
09-11 11:40:02.493 13800 13802 I cmd     : oneway function results will be dropped but finished with status OK and parcel size 4
09-11 11:40:02.741 13817 13819 I cmd     : oneway function results will be dropped but finished with status OK and parcel size 4
09-11 11:40:02.903   496  1268 E TaskPersister: File error accessing recents directory (directory doesn't exist?).
09-11 11:40:02.977 13832 13834 I cmd     : oneway function results will be dropped but finished with status OK and parcel size 4
09-11 11:40:03.271 13844 13844 E libc    : Access denied finding property "persist.device_config.runtime_native_boot.profilebootclasspath"
09-11 11:40:03.271 13844 13844 E libc    : Access denied finding property "persist.device_config.runtime_native_boot.enable_apex_image"
09-11 11:40:03.271 13844 13844 I AndroidRuntime: Using default boot image
09-11 11:40:03.271 13844 13844 E libc    : Access denied finding property "persist.device_config.runtime_native_boot.disable_lock_profiling"
09-11 11:40:03.271 13844 13844 I AndroidRuntime: Leaving lock profiling enabled
09-11 11:40:03.269 13844 13844 W app_process: type=1400 audit(0.0:2163): avc: denied { read } for name="u:object_r:device_config_runtime_native_boot_prop:s0" dev="tmpfs" ino=394 scontext=u:r:shell:s0 tcontext=u:object_r:device_config_runtime_native_boot_prop:s0 tclass=file permissive=0
09-11 11:40:03.269 13844 13844 I chatty  : uid=2000(shell) app_process identical 2 lines
09-11 11:40:03.269 13844 13844 W app_process: type=1400 audit(0.0:2166): avc: denied { read } for name="u:object_r:device_config_runtime_native_boot_prop:s0" dev="tmpfs" ino=394 scontext=u:r:shell:s0 tcontext=u:object_r:device_config_runtime_native_boot_prop:s0 tclass=file permissive=0
09-11 11:40:03.271 13844 13844 E libc    : Access denied finding property "persist.device_config.runtime_native_boot.enable_generational_cc"
09-11 11:40:03.272 13844 13844 I app_process: Core platform API reporting enabled, enforcing=false
09-11 11:40:03.342 13844 13844 I app_process: The ClassLoaderContext is a special shared library.
09-11 11:40:03.348 13844 13844 W app_process: JNI RegisterNativeMethods: attempt to register 0 native methods for android.media.AudioAttributes
09-11 11:40:03.595   496   515 I system_server: oneway function results will be dropped but finished with status OK and parcel size 4
09-11 11:40:03.595   496   515 I system_server: oneway function results will be dropped but finished with status OK and parcel size 4
09-11 11:40:03.685   496   515 W NotificationService: Toast already killed. pkg=a2dp.Vol token=android.os.BinderProxy@dcedd78
09-11 11:40:03.710 13870 13871 I cmd     : oneway function results will be dropped but finished with status OK and parcel size 4
09-11 11:40:03.740   496   515 I system_server: oneway function results will be dropped but finished with status OK and parcel size 4
09-11 11:40:04.828   352   352 I perfetto: probes_producer.cc:329  Producer stop (id=10)
09-11 11:40:04.828   352   352 I perfetto: ftrace_procfs.cc:183    disabled ftrace
09-11 11:40:04.829   354   354 I perfetto: ng_service_impl.cc:1948 Tracing session 10 ended, total sessions:0
09-11 11:40:04.831     0     0 W perfetto: disabled ftrace
09-11 11:40:04.831   369 13622 I iorapd  : Perfetto TraceBuffer saved to file: /data/misc/iorapd/a2dp.Vol/133/a2dp.Vol.main/raw_traces/1662860404830622638.perfetto_trace.pb
09-11 11:40:05.336 13911 13913 I cmd     : oneway function results will be dropped but finished with status OK and parcel size 4
09-11 11:40:05.496 13924 13926 I cmd     : oneway function results will be dropped but finished with status OK and parcel size 4
09-11 11:40:06.262 13955 13957 I cmd     : oneway function results will be dropped but finished with status OK and parcel size 4
09-11 11:40:06.694   496   841 I system_server: oneway function results will be dropped but finished with status OK and parcel size 4
09-11 11:40:06.819 13982 13984 I cmd     : oneway function results will be dropped but finished with status OK and parcel size 4
09-11 11:40:07.101 13999 14001 I cmd     : oneway function results will be dropped but finished with status OK and parcel size 4
09-11 11:40:07.369 14014 14016 I cmd     : oneway function results will be dropped but finished with status OK and parcel size 4
09-11 11:40:07.629 14029 14031 I cmd     : oneway function results will be dropped but finished with status OK and parcel size 4
09-11 11:40:07.908 14041 14041 E libc    : Access denied finding property "persist.device_config.runtime_native_boot.profilebootclasspath"
09-11 11:40:07.908 14041 14041 E libc    : Access denied finding property "persist.device_config.runtime_native_boot.enable_apex_image"
09-11 11:40:07.908 14041 14041 I AndroidRuntime: Using default boot image
09-11 11:40:07.908 14041 14041 E libc    : Access denied finding property "persist.device_config.runtime_native_boot.disable_lock_profiling"
09-11 11:40:07.908 14041 14041 I AndroidRuntime: Leaving lock profiling enabled
09-11 11:40:07.908 14041 14041 E libc    : Access denied finding property "persist.device_config.runtime_native_boot.enable_generational_cc"
09-11 11:40:07.905 14041 14041 W app_process: type=1400 audit(0.0:2167): avc: denied { read } for name="u:object_r:device_config_runtime_native_boot_prop:s0" dev="tmpfs" ino=394 scontext=u:r:shell:s0 tcontext=u:object_r:device_config_runtime_native_boot_prop:s0 tclass=file permissive=0
09-11 11:40:07.909 14041 14041 I app_process: Core platform API reporting enabled, enforcing=false
09-11 11:40:07.961 14041 14041 I app_process: The ClassLoaderContext is a special shared library.
09-11 11:40:07.969 14041 14041 W app_process: JNI RegisterNativeMethods: attempt to register 0 native methods for android.media.AudioAttributes
09-11 11:40:08.182   496  4067 I ActivityTaskManager: START u0 {cmp=a2dp.Vol/.PackagesChooser} from uid 10147
09-11 11:40:08.190   496  1735 I system_server: oneway function results will be dropped but finished with status OK and parcel size 4
09-11 11:40:08.191   496  1735 I system_server: oneway function results will be dropped but finished with status OK and parcel size 4
09-11 11:40:08.193   496   516 W ActivityTaskManager: Tried to set launchTime (0) < mLastActivityLaunchTime (25168148)
09-11 11:40:08.193   496   516 W InputReader: Device virtio_input_multi_touch_10 is associated with display ADISPLAY_ID_NONE.
09-11 11:40:08.193   496   516 W InputReader: Device virtio_input_multi_touch_6 is associated with display ADISPLAY_ID_NONE.
09-11 11:40:08.193   496   516 W InputReader: Device virtio_input_multi_touch_8 is associated with display ADISPLAY_ID_NONE.
09-11 11:40:08.193   496   516 W InputReader: Device virtio_input_multi_touch_9 is associated with display ADISPLAY_ID_NONE.
09-11 11:40:08.193   496   516 W InputReader: Device virtio_input_multi_touch_4 is associated with display ADISPLAY_ID_NONE.
09-11 11:40:08.193   496   516 W InputReader: Device virtio_input_multi_touch_5 is associated with display ADISPLAY_ID_NONE.
09-11 11:40:08.193   496   516 W InputReader: Device virtio_input_multi_touch_11 is associated with display ADISPLAY_ID_NONE.
09-11 11:40:08.193   496   516 W InputReader: Device virtio_input_multi_touch_7 is associated with display ADISPLAY_ID_NONE.
09-11 11:40:08.193   496   516 W InputReader: Device virtio_input_multi_touch_2 is associated with display ADISPLAY_ID_NONE.
09-11 11:40:08.193   496   516 W InputReader: Device virtio_input_multi_touch_3 is associated with display ADISPLAY_ID_NONE.
09-11 11:40:08.194   496   516 W InputReader: Device virtio_input_multi_touch_10 is associated with display ADISPLAY_ID_NONE.
09-11 11:40:08.194   496   516 W InputReader: Device virtio_input_multi_touch_6 is associated with display ADISPLAY_ID_NONE.
09-11 11:40:08.194   496   516 W InputReader: Device virtio_input_multi_touch_8 is associated with display ADISPLAY_ID_NONE.
09-11 11:40:08.194   496   516 W InputReader: Device virtio_input_multi_touch_9 is associated with display ADISPLAY_ID_NONE.
09-11 11:40:08.194   496   516 W InputReader: Device virtio_input_multi_touch_4 is associated with display ADISPLAY_ID_NONE.
09-11 11:40:08.194   496   516 W InputReader: Device virtio_input_multi_touch_5 is associated with display ADISPLAY_ID_NONE.
09-11 11:40:08.194   496   516 W InputReader: Device virtio_input_multi_touch_11 is associated with display ADISPLAY_ID_NONE.
09-11 11:40:08.194   496   516 W InputReader: Device virtio_input_multi_touch_7 is associated with display ADISPLAY_ID_NONE.
09-11 11:40:08.194   496   516 W InputReader: Device virtio_input_multi_touch_2 is associated with display ADISPLAY_ID_NONE.
09-11 11:40:08.194   496   516 W InputReader: Device virtio_input_multi_touch_3 is associated with display ADISPLAY_ID_NONE.
09-11 11:40:08.295   496   526 I ActivityTaskManager: Displayed a2dp.Vol/.PackagesChooser: +109ms
09-11 11:40:08.316 14072 14073 I cmd     : oneway function results will be dropped but finished with status OK and parcel size 4
09-11 11:40:08.326   496   516 I system_server: oneway function results will be dropped but finished with status OK and parcel size 4
09-11 11:40:10.025 14112 14114 I cmd     : oneway function results will be dropped but finished with status OK and parcel size 4
09-11 11:40:10.132 14123 14125 I cmd     : oneway function results will be dropped but finished with status OK and parcel size 4
09-11 11:40:10.229   472   472 E netmgr  : qemu_pipe_open_ns:62: Could not connect to the 'pipe:qemud:network' service: Invalid argument
09-11 11:40:10.229   472   472 E netmgr  : Failed to open QEMU pipe 'qemud:network': Invalid argument
09-11 11:40:10.895 14156 14158 I cmd     : oneway function results will be dropped but finished with status OK and parcel size 4
09-11 11:40:11.063   474   474 E wifi_forwarder: qemu_pipe_open_ns:62: Could not connect to the 'pipe:qemud:wififorward' service: Invalid argument
09-11 11:40:11.063   474   474 E wifi_forwarder: RemoteConnection failed to initialize: RemoteConnection failed to open pipe
09-11 11:40:11.196   213   217 E android.system.suspend@1.0-service: Error opening kernel wakelock stats for: wakeup4: Permission denied
09-11 11:40:11.193   213   213 W Binder:213_2: type=1400 audit(0.0:2171): avc: denied { read } for name="wakeup4" dev="sysfs" ino=16517 scontext=u:r:system_suspend:s0 tcontext=u:object_r:sysfs:s0 tclass=dir permissive=0
09-11 11:40:11.193   213   213 W Binder:213_2: type=1400 audit(0.0:2172): avc: denied { read } for name="wakeup2" dev="sysfs" ino=15907 scontext=u:r:system_suspend:s0 tcontext=u:object_r:sysfs:s0 tclass=dir permissive=0
09-11 11:40:11.197   213   217 E android.system.suspend@1.0-service: Error opening kernel wakelock stats for: wakeup2: Permission denied
09-11 11:40:11.197   213   217 E android.system.suspend@1.0-service: Error opening kernel wakelock stats for: wakeup0: Permission denied
09-11 11:40:11.197   213   217 E android.system.suspend@1.0-service: Error opening kernel wakelock stats for: wakeup5: Permission denied
09-11 11:40:11.198   213   217 E android.system.suspend@1.0-service: Error opening kernel wakelock stats for: wakeup3: Permission denied
09-11 11:40:11.198   213   217 E android.system.suspend@1.0-service: Error opening kernel wakelock stats for: wakeup1: Permission denied
09-11 11:40:11.234   496  1268 E TaskPersister: File error accessing recents directory (directory doesn't exist?).
09-11 11:40:11.293   496   841 I system_server: oneway function results will be dropped but finished with status OK and parcel size 4
09-11 11:40:11.420 14185 14187 I cmd     : oneway function results will be dropped but finished with status OK and parcel size 4
09-11 11:40:11.664 14200 14202 I cmd     : oneway function results will be dropped but finished with status OK and parcel size 4
09-11 11:40:11.932 14215 14217 I cmd     : oneway function results will be dropped but finished with status OK and parcel size 4
09-11 11:40:12.175 14230 14232 I cmd     : oneway function results will be dropped but finished with status OK and parcel size 4
09-11 11:40:12.453 14244 14244 E libc    : Access denied finding property "persist.device_config.runtime_native_boot.profilebootclasspath"
09-11 11:40:12.453 14244 14244 E libc    : Access denied finding property "persist.device_config.runtime_native_boot.enable_apex_image"
09-11 11:40:12.453 14244 14244 I AndroidRuntime: Using default boot image
09-11 11:40:12.453 14244 14244 E libc    : Access denied finding property "persist.device_config.runtime_native_boot.disable_lock_profiling"
09-11 11:40:12.453 14244 14244 I AndroidRuntime: Leaving lock profiling enabled
09-11 11:40:12.453 14244 14244 E libc    : Access denied finding property "persist.device_config.runtime_native_boot.enable_generational_cc"
09-11 11:40:12.449 14244 14244 W app_process: type=1400 audit(0.0:2177): avc: denied { read } for name="u:object_r:device_config_runtime_native_boot_prop:s0" dev="tmpfs" ino=394 scontext=u:r:shell:s0 tcontext=u:object_r:device_config_runtime_native_boot_prop:s0 tclass=file permissive=0
09-11 11:40:12.455 14244 14244 I app_process: Core platform API reporting enabled, enforcing=false
09-11 11:40:12.505 14244 14244 I app_process: The ClassLoaderContext is a special shared library.
09-11 11:40:12.512 14244 14244 W app_process: JNI RegisterNativeMethods: attempt to register 0 native methods for android.media.AudioAttributes
09-11 11:40:12.740   496   516 I system_server: oneway function results will be dropped but finished with status OK and parcel size 4
09-11 11:40:12.740   496   516 I system_server: oneway function results will be dropped but finished with status OK and parcel size 4
09-11 11:40:12.798   496  2988 W OpenGLRenderer: Failed to choose config with EGL_SWAP_BEHAVIOR_PRESERVED, retrying without...
09-11 11:40:12.800   496   841 W InputReader: Device virtio_input_multi_touch_10 is associated with display ADISPLAY_ID_NONE.
09-11 11:40:12.800   496   841 W InputReader: Device virtio_input_multi_touch_6 is associated with display ADISPLAY_ID_NONE.
09-11 11:40:12.800   496   841 W InputReader: Device virtio_input_multi_touch_8 is associated with display ADISPLAY_ID_NONE.
09-11 11:40:12.800   496   841 W InputReader: Device virtio_input_multi_touch_9 is associated with display ADISPLAY_ID_NONE.
09-11 11:40:12.800   496   841 W InputReader: Device virtio_input_multi_touch_4 is associated with display ADISPLAY_ID_NONE.
09-11 11:40:12.800   496   841 W InputReader: Device virtio_input_multi_touch_5 is associated with display ADISPLAY_ID_NONE.
09-11 11:40:12.800   496   841 W InputReader: Device virtio_input_multi_touch_11 is associated with display ADISPLAY_ID_NONE.
09-11 11:40:12.800   496   841 W InputReader: Device virtio_input_multi_touch_7 is associated with display ADISPLAY_ID_NONE.
09-11 11:40:12.800   496   841 W InputReader: Device virtio_input_multi_touch_2 is associated with display ADISPLAY_ID_NONE.
09-11 11:40:12.800   496   841 W InputReader: Device virtio_input_multi_touch_3 is associated with display ADISPLAY_ID_NONE.
09-11 11:40:12.803   496   841 W InputReader: Device virtio_input_multi_touch_10 is associated with display ADISPLAY_ID_NONE.
09-11 11:40:12.803   496   841 W InputReader: Device virtio_input_multi_touch_6 is associated with display ADISPLAY_ID_NONE.
09-11 11:40:12.803   496   841 W InputReader: Device virtio_input_multi_touch_8 is associated with display ADISPLAY_ID_NONE.
09-11 11:40:12.803   496   841 W InputReader: Device virtio_input_multi_touch_9 is associated with display ADISPLAY_ID_NONE.
09-11 11:40:12.803   496   841 W InputReader: Device virtio_input_multi_touch_4 is associated with display ADISPLAY_ID_NONE.
09-11 11:40:12.803   496   841 W InputReader: Device virtio_input_multi_touch_5 is associated with display ADISPLAY_ID_NONE.
09-11 11:40:12.803   496   841 W InputReader: Device virtio_input_multi_touch_11 is associated with display ADISPLAY_ID_NONE.
09-11 11:40:12.803   496   841 W InputReader: Device virtio_input_multi_touch_7 is associated with display ADISPLAY_ID_NONE.
09-11 11:40:12.803   496   841 W InputReader: Device virtio_input_multi_touch_2 is associated with display ADISPLAY_ID_NONE.
09-11 11:40:12.803   496   841 W InputReader: Device virtio_input_multi_touch_3 is associated with display ADISPLAY_ID_NONE.
09-11 11:40:12.874   496   516 I system_server: oneway function results will be dropped but finished with status OK and parcel size 4
09-11 11:40:12.922   671   685 I ndroid.systemu: NativeAlloc concurrent copying GC freed 76241(3272KB) AllocSpace objects, 59(1180KB) LOS objects, 49% free, 6856KB/13MB, paused 28us total 123.452ms
09-11 11:40:12.922   671   685 W ndroid.systemu: Reducing the number of considered missed Gc histogram windows from 357 to 100
09-11 11:40:13.021 14275 14277 I cmd     : oneway function results will be dropped but finished with status OK and parcel size 4
09-11 11:40:14.580 14312 14313 I cmd     : oneway function results will be dropped but finished with status OK and parcel size 4
09-11 11:40:14.608 14317 14319 I cmd     : oneway function results will be dropped but finished with status OK and parcel size 4
09-11 11:40:14.642   496   496 W WindowManager: removeWindowToken: Attempted to remove non-existing token: android.os.Binder@67e54b
09-11 11:40:15.259 14351 14353 I cmd     : oneway function results will be dropped but finished with status OK and parcel size 4
09-11 11:40:15.757 14380 14382 I cmd     : oneway function results will be dropped but finished with status OK and parcel size 4
09-11 11:40:15.840   496 13121 I system_server: oneway function results will be dropped but finished with status OK and parcel size 4
09-11 11:40:16.007 14395 14397 I cmd     : oneway function results will be dropped but finished with status OK and parcel size 4
09-11 11:40:16.255 14410 14412 I cmd     : oneway function results will be dropped but finished with status OK and parcel size 4
09-11 11:40:16.339   496  1268 E TaskPersister: File error accessing recents directory (directory doesn't exist?).
